---
source: src/parser/parser2.rs
expression: parser.parse(i2.lines())
---
Err(
    BackendError {
        main_location: LineOnly(
            5,
        ),
        relevant_lines: 5..=5,
        kind: InvalidPartlineSyntax(
            "o-|",
        ),
    },
)
