---
source: src/parser/parser_tests.rs
expression: parse(&to_lines(input)).dump_tracks()
---
- --5- 
- -3-- 
10---12
- ---- 
- ---- 
- ----
