---
source: src/parser/parser_tests.rs
expression: parse(&to_lines(score)).dump_tracks()
---
--12b-
--3 -4
2-- --
--- --
--- --
--- --
